MPLINK 5.09, LINKER
Linker Map File - Created Sun Oct 31 18:14:44 2021

                                 Section Info
                  Section       Type    Address   Location Size(Bytes)
                ---------  ---------  ---------  ---------  ---------
                   .org_0       code   0x000000    program   0x000004
                   .cinit    romdata   0x000002    program   0x000004
                   .org_1       code   0x000004    program   0x000002
                   .org_2       code   0x000005    program   0x00004e
.config_2007_BUILD/DEFAULT/PRODUCTION/EXAMPLE       code   0x002007    program   0x000002



                              Program Memory Usage 
                               Start         End      
                           ---------   ---------      
                            0x000000    0x00002b      
                            0x002007    0x002007      
            45 out of 8454 program addresses used, program memory utilization is 0%



                              Symbols - Sorted by Name
                     Name    Address   Location    Storage File                     
                ---------  ---------  ---------  --------- ---------                
                    BASLA   0x000005    program     static C:\Users\koray\MPLABXProjects\example3.X\example3.asm
                    DONGU   0x000021    program     static C:\Users\koray\MPLABXProjects\example3.X\example3.asm
                  GECIKME   0x00001b    program     static C:\Users\koray\MPLABXProjects\example3.X\example3.asm
                    ISLEM   0x000013    program     static C:\Users\koray\MPLABXProjects\example3.X\example3.asm
                    KESME   0x00002b    program     static C:\Users\koray\MPLABXProjects\example3.X\example3.asm
                   SONDUR   0x000019    program     static C:\Users\koray\MPLABXProjects\example3.X\example3.asm
             _.org_2_0022   0x000022    program     static C:\Users\koray\MPLABXProjects\example3.X\example3.asm
             _.org_2_0024   0x000024    program     static C:\Users\koray\MPLABXProjects\example3.X\example3.asm



                              Symbols - Sorted by Address
                     Name    Address   Location    Storage File                     
                ---------  ---------  ---------  --------- ---------                
                    BASLA   0x000005    program     static C:\Users\koray\MPLABXProjects\example3.X\example3.asm
                    ISLEM   0x000013    program     static C:\Users\koray\MPLABXProjects\example3.X\example3.asm
                   SONDUR   0x000019    program     static C:\Users\koray\MPLABXProjects\example3.X\example3.asm
                  GECIKME   0x00001b    program     static C:\Users\koray\MPLABXProjects\example3.X\example3.asm
                    DONGU   0x000021    program     static C:\Users\koray\MPLABXProjects\example3.X\example3.asm
             _.org_2_0022   0x000022    program     static C:\Users\koray\MPLABXProjects\example3.X\example3.asm
             _.org_2_0024   0x000024    program     static C:\Users\koray\MPLABXProjects\example3.X\example3.asm
                    KESME   0x00002b    program     static C:\Users\koray\MPLABXProjects\example3.X\example3.asm


