MPLINK 5.09, LINKER
Linker Map File - Created Sun Oct 31 22:16:48 2021

                                 Section Info
                  Section       Type    Address   Location Size(Bytes)
                ---------  ---------  ---------  ---------  ---------
                   .org_0       code   0x000000    program   0x000002
                   .cinit    romdata   0x000001    program   0x000004
                   .org_1       code   0x000004    program   0x00004a
.config_2007_BUILD/DEFAULT/PRODUCTION/EXAMPLE       code   0x002007    program   0x000002



                              Program Memory Usage 
                               Start         End      
                           ---------   ---------      
                            0x000000    0x000002      
                            0x000004    0x000028      
                            0x002007    0x002007      
            41 out of 8454 program addresses used, program memory utilization is 0%



                              Symbols - Sorted by Name
                     Name    Address   Location    Storage File                     
                ---------  ---------  ---------  --------- ---------                
                    BASLA   0x000004    program     static C:\Users\koray\MPLABXProjects\example4.X\example4.asm
                    DONGU   0x00001f    program     static C:\Users\koray\MPLABXProjects\example4.X\example4.asm
                  GECIKME   0x000019    program     static C:\Users\koray\MPLABXProjects\example4.X\example4.asm
                  KONTROL   0x000011    program     static C:\Users\koray\MPLABXProjects\example4.X\example4.asm
                   SONDUR   0x000017    program     static C:\Users\koray\MPLABXProjects\example4.X\example4.asm
             _.org_1_0020   0x000020    program     static C:\Users\koray\MPLABXProjects\example4.X\example4.asm
             _.org_1_0022   0x000022    program     static C:\Users\koray\MPLABXProjects\example4.X\example4.asm



                              Symbols - Sorted by Address
                     Name    Address   Location    Storage File                     
                ---------  ---------  ---------  --------- ---------                
                    BASLA   0x000004    program     static C:\Users\koray\MPLABXProjects\example4.X\example4.asm
                  KONTROL   0x000011    program     static C:\Users\koray\MPLABXProjects\example4.X\example4.asm
                   SONDUR   0x000017    program     static C:\Users\koray\MPLABXProjects\example4.X\example4.asm
                  GECIKME   0x000019    program     static C:\Users\koray\MPLABXProjects\example4.X\example4.asm
                    DONGU   0x00001f    program     static C:\Users\koray\MPLABXProjects\example4.X\example4.asm
             _.org_1_0020   0x000020    program     static C:\Users\koray\MPLABXProjects\example4.X\example4.asm
             _.org_1_0022   0x000022    program     static C:\Users\koray\MPLABXProjects\example4.X\example4.asm


