MPLINK 5.09, LINKER
Linker Map File - Created Mon Oct 25 14:31:34 2021

                                 Section Info
                  Section       Type    Address   Location Size(Bytes)
                ---------  ---------  ---------  ---------  ---------
                   .org_0       code   0x000000    program   0x000002
                   .cinit    romdata   0x000001    program   0x000004
                   .org_1       code   0x000004    program   0x000002
                   .org_2       code   0x000005    program   0x000054
.config_2007_BUILD/DEFAULT/PRODUCTION/PROJECT       code   0x002007    program   0x000002



                              Program Memory Usage 
                               Start         End      
                           ---------   ---------      
                            0x000000    0x000002      
                            0x000004    0x00002e      
                            0x002007    0x002007      
            47 out of 8454 program addresses used, program memory utilization is 0%



                              Symbols - Sorted by Name
                     Name    Address   Location    Storage File                     
                ---------  ---------  ---------  --------- ---------                
                    BASLA   0x000005    program     static C:\Users\koray\MPLABXProjects\project3.X\project3.asm
                   BUTON1   0x000013    program     static C:\Users\koray\MPLABXProjects\project3.X\project3.asm
                   BUTON2   0x000016    program     static C:\Users\koray\MPLABXProjects\project3.X\project3.asm
                   BUTON3   0x000019    program     static C:\Users\koray\MPLABXProjects\project3.X\project3.asm
                   BUTON4   0x00001c    program     static C:\Users\koray\MPLABXProjects\project3.X\project3.asm
                    KESME   0x00002e    program     static C:\Users\koray\MPLABXProjects\project3.X\project3.asm
                   SONDUR   0x00001f    program     static C:\Users\koray\MPLABXProjects\project3.X\project3.asm
                     YAK1   0x000022    program     static C:\Users\koray\MPLABXProjects\project3.X\project3.asm
                     YAK2   0x000025    program     static C:\Users\koray\MPLABXProjects\project3.X\project3.asm
                     YAK3   0x000028    program     static C:\Users\koray\MPLABXProjects\project3.X\project3.asm
                     YAK4   0x00002b    program     static C:\Users\koray\MPLABXProjects\project3.X\project3.asm



                              Symbols - Sorted by Address
                     Name    Address   Location    Storage File                     
                ---------  ---------  ---------  --------- ---------                
                    BASLA   0x000005    program     static C:\Users\koray\MPLABXProjects\project3.X\project3.asm
                   BUTON1   0x000013    program     static C:\Users\koray\MPLABXProjects\project3.X\project3.asm
                   BUTON2   0x000016    program     static C:\Users\koray\MPLABXProjects\project3.X\project3.asm
                   BUTON3   0x000019    program     static C:\Users\koray\MPLABXProjects\project3.X\project3.asm
                   BUTON4   0x00001c    program     static C:\Users\koray\MPLABXProjects\project3.X\project3.asm
                   SONDUR   0x00001f    program     static C:\Users\koray\MPLABXProjects\project3.X\project3.asm
                     YAK1   0x000022    program     static C:\Users\koray\MPLABXProjects\project3.X\project3.asm
                     YAK2   0x000025    program     static C:\Users\koray\MPLABXProjects\project3.X\project3.asm
                     YAK3   0x000028    program     static C:\Users\koray\MPLABXProjects\project3.X\project3.asm
                     YAK4   0x00002b    program     static C:\Users\koray\MPLABXProjects\project3.X\project3.asm
                    KESME   0x00002e    program     static C:\Users\koray\MPLABXProjects\project3.X\project3.asm


