MPLINK 5.09, LINKER
Linker Map File - Created Tue Oct 12 23:01:30 2021

                                 Section Info
                  Section       Type    Address   Location Size(Bytes)
                ---------  ---------  ---------  ---------  ---------
                   .org_0       code   0x000000    program   0x000004
                   .cinit    romdata   0x000002    program   0x000004
                   .org_1       code   0x000004    program   0x00004e
.config_2007_BUILD/DEFAULT/PRODUCTION/NEWASMT       code   0x002007    program   0x000002



                              Program Memory Usage 
                               Start         End      
                           ---------   ---------      
                            0x000000    0x00002a      
                            0x002007    0x002007      
            44 out of 8454 program addresses used, program memory utilization is 0%



                              Symbols - Sorted by Name
                     Name    Address   Location    Storage File                     
                ---------  ---------  ---------  --------- ---------                
                    BASLA   0x000020    program     static C:\Users\koray\MPLABXProjects\deneme2.X\newAsmTemplate.asm
                       DD   0x000025    program     static C:\Users\koray\MPLABXProjects\deneme2.X\newAsmTemplate.asm
                   DONGU1   0x000016    program     static C:\Users\koray\MPLABXProjects\deneme2.X\newAsmTemplate.asm
                  GECIKME   0x000010    program     static C:\Users\koray\MPLABXProjects\deneme2.X\newAsmTemplate.asm
             _.org_1_0017   0x000017    program     static C:\Users\koray\MPLABXProjects\deneme2.X\newAsmTemplate.asm
             _.org_1_0019   0x000019    program     static C:\Users\koray\MPLABXProjects\deneme2.X\newAsmTemplate.asm



                              Symbols - Sorted by Address
                     Name    Address   Location    Storage File                     
                ---------  ---------  ---------  --------- ---------                
                  GECIKME   0x000010    program     static C:\Users\koray\MPLABXProjects\deneme2.X\newAsmTemplate.asm
                   DONGU1   0x000016    program     static C:\Users\koray\MPLABXProjects\deneme2.X\newAsmTemplate.asm
             _.org_1_0017   0x000017    program     static C:\Users\koray\MPLABXProjects\deneme2.X\newAsmTemplate.asm
             _.org_1_0019   0x000019    program     static C:\Users\koray\MPLABXProjects\deneme2.X\newAsmTemplate.asm
                    BASLA   0x000020    program     static C:\Users\koray\MPLABXProjects\deneme2.X\newAsmTemplate.asm
                       DD   0x000025    program     static C:\Users\koray\MPLABXProjects\deneme2.X\newAsmTemplate.asm


