MPLINK 5.09, LINKER
Linker Map File - Created Mon Oct 25 13:05:39 2021

                                 Section Info
                  Section       Type    Address   Location Size(Bytes)
                ---------  ---------  ---------  ---------  ---------
                   .org_0       code   0x000000    program   0x000002
                   .cinit    romdata   0x000001    program   0x000004
                   .org_1       code   0x000004    program   0x000048
.config_2007_BUILD/DEFAULT/PRODUCTION/PROJECT       code   0x002007    program   0x000002



                              Program Memory Usage 
                               Start         End      
                           ---------   ---------      
                            0x000000    0x000002      
                            0x000004    0x000027      
                            0x002007    0x002007      
            40 out of 8454 program addresses used, program memory utilization is 0%



                              Symbols - Sorted by Name
                     Name    Address   Location    Storage File                     
                ---------  ---------  ---------  --------- ---------                
                    BASLA   0x000005    program     static C:\Users\koray\MPLABXProjects\project2.X\project2.asm
                   DONGU1   0x000020    program     static C:\Users\koray\MPLABXProjects\project2.X\project2.asm
                   DONGU2   0x000022    program     static C:\Users\koray\MPLABXProjects\project2.X\project2.asm
                  GECIKME   0x00001e    program     static C:\Users\koray\MPLABXProjects\project2.X\project2.asm
                    ISLEM   0x000010    program     static C:\Users\koray\MPLABXProjects\project2.X\project2.asm
                   ISLEM1   0x000014    program     static C:\Users\koray\MPLABXProjects\project2.X\project2.asm
                    KESME   0x000027    program     static C:\Users\koray\MPLABXProjects\project2.X\project2.asm
                      SAG   0x000018    program     static C:\Users\koray\MPLABXProjects\project2.X\project2.asm
                      SOL   0x00001b    program     static C:\Users\koray\MPLABXProjects\project2.X\project2.asm



                              Symbols - Sorted by Address
                     Name    Address   Location    Storage File                     
                ---------  ---------  ---------  --------- ---------                
                    BASLA   0x000005    program     static C:\Users\koray\MPLABXProjects\project2.X\project2.asm
                    ISLEM   0x000010    program     static C:\Users\koray\MPLABXProjects\project2.X\project2.asm
                   ISLEM1   0x000014    program     static C:\Users\koray\MPLABXProjects\project2.X\project2.asm
                      SAG   0x000018    program     static C:\Users\koray\MPLABXProjects\project2.X\project2.asm
                      SOL   0x00001b    program     static C:\Users\koray\MPLABXProjects\project2.X\project2.asm
                  GECIKME   0x00001e    program     static C:\Users\koray\MPLABXProjects\project2.X\project2.asm
                   DONGU1   0x000020    program     static C:\Users\koray\MPLABXProjects\project2.X\project2.asm
                   DONGU2   0x000022    program     static C:\Users\koray\MPLABXProjects\project2.X\project2.asm
                    KESME   0x000027    program     static C:\Users\koray\MPLABXProjects\project2.X\project2.asm


