MPLINK 5.09, LINKER
Linker Map File - Created Sat Oct 30 13:13:13 2021

                                 Section Info
                  Section       Type    Address   Location Size(Bytes)
                ---------  ---------  ---------  ---------  ---------
                   .org_0       code   0x000000    program   0x000002
                   .cinit    romdata   0x000001    program   0x000004
                   .org_1       code   0x000004    program   0x000002
                   .org_2       code   0x000005    program   0x00003e
.config_2007_BUILD/DEFAULT/PRODUCTION/PROJECT       code   0x002007    program   0x000002



                              Program Memory Usage 
                               Start         End      
                           ---------   ---------      
                            0x000000    0x000002      
                            0x000004    0x000023      
                            0x002007    0x002007      
            36 out of 8454 program addresses used, program memory utilization is 0%



                              Symbols - Sorted by Name
                     Name    Address   Location    Storage File                     
                ---------  ---------  ---------  --------- ---------                
                    BASLA   0x000005    program     static C:\Users\koray\MPLABXProjects\project9.X\project9.asm
                    ISLEM   0x00001a    program     static C:\Users\koray\MPLABXProjects\project9.X\project9.asm
                    KESME   0x000023    program     static C:\Users\koray\MPLABXProjects\project9.X\project9.asm



                              Symbols - Sorted by Address
                     Name    Address   Location    Storage File                     
                ---------  ---------  ---------  --------- ---------                
                    BASLA   0x000005    program     static C:\Users\koray\MPLABXProjects\project9.X\project9.asm
                    ISLEM   0x00001a    program     static C:\Users\koray\MPLABXProjects\project9.X\project9.asm
                    KESME   0x000023    program     static C:\Users\koray\MPLABXProjects\project9.X\project9.asm


