MPLINK 5.09, LINKER
Linker Map File - Created Sat Oct 30 17:42:30 2021

                                 Section Info
                  Section       Type    Address   Location Size(Bytes)
                ---------  ---------  ---------  ---------  ---------
                   .org_0       code   0x000000    program   0x000002
                   .cinit    romdata   0x000001    program   0x000004
                   .org_1       code   0x000004    program   0x000002
                   .org_2       code   0x000005    program   0x00002a
.config_2007_BUILD/DEFAULT/PRODUCTION/PROJECT       code   0x002007    program   0x000002



                              Program Memory Usage 
                               Start         End      
                           ---------   ---------      
                            0x000000    0x000002      
                            0x000004    0x000019      
                            0x002007    0x002007      
            26 out of 8454 program addresses used, program memory utilization is 0%



                              Symbols - Sorted by Name
                     Name    Address   Location    Storage File                     
                ---------  ---------  ---------  --------- ---------                
                    BASLA   0x00000e    program     static C:\Users\koray\MPLABXProjects\project10.X\project10.asm
                    DONGU   0x000013    program     static C:\Users\koray\MPLABXProjects\project10.X\project10.asm
                  GECIKME   0x000005    program     static C:\Users\koray\MPLABXProjects\project10.X\project10.asm
                    KESME   0x000019    program     static C:\Users\koray\MPLABXProjects\project10.X\project10.asm
                     LOOP   0x000007    program     static C:\Users\koray\MPLABXProjects\project10.X\project10.asm
                    LOOP2   0x000009    program     static C:\Users\koray\MPLABXProjects\project10.X\project10.asm



                              Symbols - Sorted by Address
                     Name    Address   Location    Storage File                     
                ---------  ---------  ---------  --------- ---------                
                  GECIKME   0x000005    program     static C:\Users\koray\MPLABXProjects\project10.X\project10.asm
                     LOOP   0x000007    program     static C:\Users\koray\MPLABXProjects\project10.X\project10.asm
                    LOOP2   0x000009    program     static C:\Users\koray\MPLABXProjects\project10.X\project10.asm
                    BASLA   0x00000e    program     static C:\Users\koray\MPLABXProjects\project10.X\project10.asm
                    DONGU   0x000013    program     static C:\Users\koray\MPLABXProjects\project10.X\project10.asm
                    KESME   0x000019    program     static C:\Users\koray\MPLABXProjects\project10.X\project10.asm


