MPLINK 5.09, LINKER
Linker Map File - Created Sun Oct 31 14:30:13 2021

                                 Section Info
                  Section       Type    Address   Location Size(Bytes)
                ---------  ---------  ---------  ---------  ---------
                   .org_0       code   0x000000    program   0x000002
                   .cinit    romdata   0x000001    program   0x000004
                   .org_1       code   0x000004    program   0x000002
                   .org_2       code   0x000006    program   0x00002e
.config_2007_BUILD/DEFAULT/PRODUCTION/EXAMPLE       code   0x002007    program   0x000002



                              Program Memory Usage 
                               Start         End      
                           ---------   ---------      
                            0x000000    0x000002      
                            0x000004    0x000004      
                            0x000006    0x00001c      
                            0x002007    0x002007      
            28 out of 8454 program addresses used, program memory utilization is 0%



                              Symbols - Sorted by Name
                     Name    Address   Location    Storage File                     
                ---------  ---------  ---------  --------- ---------                
                    BASLA   0x000006    program     static C:\Users\koray\MPLABXProjects\example2.X\example2.asm
                    ISLEM   0x000017    program     static C:\Users\koray\MPLABXProjects\example2.X\example2.asm
                    KESME   0x00001c    program     static C:\Users\koray\MPLABXProjects\example2.X\example2.asm
                      YAK   0x00001a    program     static C:\Users\koray\MPLABXProjects\example2.X\example2.asm



                              Symbols - Sorted by Address
                     Name    Address   Location    Storage File                     
                ---------  ---------  ---------  --------- ---------                
                    BASLA   0x000006    program     static C:\Users\koray\MPLABXProjects\example2.X\example2.asm
                    ISLEM   0x000017    program     static C:\Users\koray\MPLABXProjects\example2.X\example2.asm
                      YAK   0x00001a    program     static C:\Users\koray\MPLABXProjects\example2.X\example2.asm
                    KESME   0x00001c    program     static C:\Users\koray\MPLABXProjects\example2.X\example2.asm


