MPLINK 5.09, LINKER
Linker Map File - Created Mon Oct 25 16:11:49 2021

                                 Section Info
                  Section       Type    Address   Location Size(Bytes)
                ---------  ---------  ---------  ---------  ---------
                   .org_0       code   0x000000    program   0x000002
                   .cinit    romdata   0x000001    program   0x000004
                   .org_1       code   0x000004    program   0x000002
                   .org_2       code   0x000005    program   0x00002e
.config_2007_BUILD/DEFAULT/PRODUCTION/PROJECT       code   0x002007    program   0x000002



                              Program Memory Usage 
                               Start         End      
                           ---------   ---------      
                            0x000000    0x000002      
                            0x000004    0x00001b      
                            0x002007    0x002007      
            28 out of 8454 program addresses used, program memory utilization is 0%



                              Symbols - Sorted by Name
                     Name    Address   Location    Storage File                     
                ---------  ---------  ---------  --------- ---------                
                    BASLA   0x000005    program     static C:\Users\koray\MPLABXProjects\project5.X\project5.asm
                    ISLEM   0x000012    program     static C:\Users\koray\MPLABXProjects\project5.X\project5.asm
                    KESME   0x00001b    program     static C:\Users\koray\MPLABXProjects\project5.X\project5.asm
                   SONDUR   0x000015    program     static C:\Users\koray\MPLABXProjects\project5.X\project5.asm
                      YAK   0x000018    program     static C:\Users\koray\MPLABXProjects\project5.X\project5.asm



                              Symbols - Sorted by Address
                     Name    Address   Location    Storage File                     
                ---------  ---------  ---------  --------- ---------                
                    BASLA   0x000005    program     static C:\Users\koray\MPLABXProjects\project5.X\project5.asm
                    ISLEM   0x000012    program     static C:\Users\koray\MPLABXProjects\project5.X\project5.asm
                   SONDUR   0x000015    program     static C:\Users\koray\MPLABXProjects\project5.X\project5.asm
                      YAK   0x000018    program     static C:\Users\koray\MPLABXProjects\project5.X\project5.asm
                    KESME   0x00001b    program     static C:\Users\koray\MPLABXProjects\project5.X\project5.asm


