MPLINK 5.09, LINKER
Linker Map File - Created Sat Oct 30 21:14:39 2021

                                 Section Info
                  Section       Type    Address   Location Size(Bytes)
                ---------  ---------  ---------  ---------  ---------
                   .org_0       code   0x000000    program   0x000002
                   .cinit    romdata   0x000001    program   0x000004
                   .org_1       code   0x000004    program   0x000002
                   .org_2       code   0x000006    program   0x000044
.config_2007_BUILD/DEFAULT/PRODUCTION/PROJECT       code   0x002007    program   0x000002



                              Program Memory Usage 
                               Start         End      
                           ---------   ---------      
                            0x000000    0x000002      
                            0x000004    0x000004      
                            0x000006    0x000027      
                            0x002007    0x002007      
            39 out of 8454 program addresses used, program memory utilization is 0%



                              Symbols - Sorted by Name
                     Name    Address   Location    Storage File                     
                ---------  ---------  ---------  --------- ---------                
                    BASLA   0x000006    program     static C:\Users\koray\MPLABXProjects\project12.X\project12.asm
                   GOSTER   0x00001f    program     static C:\Users\koray\MPLABXProjects\project12.X\project12.asm
                    ISLEM   0x000019    program     static C:\Users\koray\MPLABXProjects\project12.X\project12.asm
                    KESME   0x000027    program     static C:\Users\koray\MPLABXProjects\project12.X\project12.asm
                   SONDUR   0x000022    program     static C:\Users\koray\MPLABXProjects\project12.X\project12.asm
                      YAK   0x00001c    program     static C:\Users\koray\MPLABXProjects\project12.X\project12.asm



                              Symbols - Sorted by Address
                     Name    Address   Location    Storage File                     
                ---------  ---------  ---------  --------- ---------                
                    BASLA   0x000006    program     static C:\Users\koray\MPLABXProjects\project12.X\project12.asm
                    ISLEM   0x000019    program     static C:\Users\koray\MPLABXProjects\project12.X\project12.asm
                      YAK   0x00001c    program     static C:\Users\koray\MPLABXProjects\project12.X\project12.asm
                   GOSTER   0x00001f    program     static C:\Users\koray\MPLABXProjects\project12.X\project12.asm
                   SONDUR   0x000022    program     static C:\Users\koray\MPLABXProjects\project12.X\project12.asm
                    KESME   0x000027    program     static C:\Users\koray\MPLABXProjects\project12.X\project12.asm


