MPLINK 5.09, LINKER
Linker Map File - Created Sat Oct 30 11:42:31 2021

                                 Section Info
                  Section       Type    Address   Location Size(Bytes)
                ---------  ---------  ---------  ---------  ---------
                   .org_0       code   0x000000    program   0x000002
                   .cinit    romdata   0x000001    program   0x000004
                   .org_1       code   0x000004    program   0x000002
                   .org_2       code   0x000005    program   0x00004a
.config_2007_BUILD/DEFAULT/PRODUCTION/PROJECT       code   0x002007    program   0x000002



                              Program Memory Usage 
                               Start         End      
                           ---------   ---------      
                            0x000000    0x000002      
                            0x000004    0x000029      
                            0x002007    0x002007      
            42 out of 8454 program addresses used, program memory utilization is 0%



                              Symbols - Sorted by Name
                     Name    Address   Location    Storage File                     
                ---------  ---------  ---------  --------- ---------                
                    BASLA   0x000005    program     static C:\Users\koray\MPLABXProjects\project7.X\project7.asm
                   BUTON1   0x000014    program     static C:\Users\koray\MPLABXProjects\project7.X\project7.asm
                   BUTON2   0x000017    program     static C:\Users\koray\MPLABXProjects\project7.X\project7.asm
                   BUTON3   0x00001a    program     static C:\Users\koray\MPLABXProjects\project7.X\project7.asm
                   BUTON4   0x00001d    program     static C:\Users\koray\MPLABXProjects\project7.X\project7.asm
                   BUTON5   0x000020    program     static C:\Users\koray\MPLABXProjects\project7.X\project7.asm
                   BUTON6   0x000023    program     static C:\Users\koray\MPLABXProjects\project7.X\project7.asm
                    KESME   0x000029    program     static C:\Users\koray\MPLABXProjects\project7.X\project7.asm
                   SONDUR   0x000026    program     static C:\Users\koray\MPLABXProjects\project7.X\project7.asm



                              Symbols - Sorted by Address
                     Name    Address   Location    Storage File                     
                ---------  ---------  ---------  --------- ---------                
                    BASLA   0x000005    program     static C:\Users\koray\MPLABXProjects\project7.X\project7.asm
                   BUTON1   0x000014    program     static C:\Users\koray\MPLABXProjects\project7.X\project7.asm
                   BUTON2   0x000017    program     static C:\Users\koray\MPLABXProjects\project7.X\project7.asm
                   BUTON3   0x00001a    program     static C:\Users\koray\MPLABXProjects\project7.X\project7.asm
                   BUTON4   0x00001d    program     static C:\Users\koray\MPLABXProjects\project7.X\project7.asm
                   BUTON5   0x000020    program     static C:\Users\koray\MPLABXProjects\project7.X\project7.asm
                   BUTON6   0x000023    program     static C:\Users\koray\MPLABXProjects\project7.X\project7.asm
                   SONDUR   0x000026    program     static C:\Users\koray\MPLABXProjects\project7.X\project7.asm
                    KESME   0x000029    program     static C:\Users\koray\MPLABXProjects\project7.X\project7.asm


